// Jest Snapshot v1, https://goo.gl/fbAQLP

exports[`renders NotFoundPage correctly 1`] = `
<styled.div>
  <styled.p>
    This is not the page you are looking for.
  </styled.p>
  <styled.div>
    <div>
      4
    </div>
    <div>
      0
    </div>
    <div>
      4
    </div>
  </styled.div>
  <Styled(Link)
    to="/home"
  >
    Back Home
  </Styled(Link)>
</styled.div>
`;
